Warp 1.15.0 initialized:
   CUDA Toolkit 12.9, Driver 13.2
   Devices:
     "cpu"      : "x86_64"
     "cuda:0"   : "NVIDIA GeForce RTX 4060 Laptop GPU" (8 GiB, sm_89, mempool enabled)
   Kernel cache:
     /home/gabriel/.cache/warp/1.15.0
[polyscope] Backend: openGL_mock
episode octopus: --mesh coarse -> models/octopus_initial_coarse.npz
--rest-shape: loaded models/octopus_rest_coarse.npz  (rest reference vs tracked start: median 2.14 mm / max 9.40 mm)
tool path retracted 3.4 mm along -tool-axis so the poker starts 0 mm clear of the start-frame mesh
tool trajectory: 155 frames, 5.13 s, start frame = 19 (t0 = 0.633 s, tool-free), origin span (mm) = [ 54.3 106.8 150. ], contact frames = 123, playback x1, verbatim
per-tet material 'field' (E_field) transferred from models/octopus_stiffness_field.npz: 3450 id tets -> 2025 coarse tets, nearest-centroid dist mean 6.5 mm / max 16.3 mm; E (Pa) min 1651 / med 2832 / max 3633, nu 0.4263 -> mu (Pa) 579..1274, lambda (Pa) 3345..7362
tracked surface: whole-body detrend = rigid (reference frame 19)
tracked surface overlay: 155 frames, 15002 verts, 30000 tris, alpha 0.3  (/home/gabriel/auras/warp-mfem/PlushOctopus_T1/mesh_trajectories_canonical.npy)
    Update system took 23.02 ms
    Assemble system took 99.91 ms
    Global solve took 75877.73 ms
    Local solve took 0.36 ms
    Line search took 108.79 ms
    Update system took 17.69 ms
    Assemble system took 70.76 ms
    Global solve took 76284.89 ms
    Local solve took 0.21 ms
    Line search took 73.02 ms
    Update system took 18.60 ms
    Assemble system took 63.49 ms
    Global solve took 76435.80 ms
    Local solve took 0.48 ms
    Line search took 70.51 ms
    Update system took 16.63 ms
    Assemble system took 67.18 ms
    Global solve took 76660.30 ms
    Local solve took 0.20 ms
    Line search took 68.77 ms
    Update system took 14.98 ms
    Assemble system took 60.69 ms
    Global solve took 77052.15 ms
    Local solve took 0.42 ms
    Line search took 68.74 ms
    Update system took 16.01 ms
    Assemble system took 65.95 ms
    Global solve took 77043.99 ms
    Local solve took 0.20 ms
    Line search took 71.27 ms
    Update system took 17.17 ms
    Assemble system took 63.66 ms
    Global solve took 75885.82 ms
    Local solve took 0.25 ms
    Line search took 70.82 ms
    Update system took 15.07 ms
    Assemble system took 62.66 ms
    Global solve took 76585.29 ms
    Local solve took 0.40 ms
    Line search took 95.67 ms
    Update system took 15.13 ms
    Assemble system took 62.77 ms
    Global solve took 75836.40 ms
    Local solve took 0.20 ms
    Line search took 81.78 ms
    Update system took 15.41 ms
    Assemble system took 62.33 ms
    Global solve took 76178.36 ms
    Local solve took 0.21 ms
    Line search took 87.90 ms
    Update system took 17.38 ms
    Assemble system took 64.24 ms
    Global solve took 75283.96 ms
    Local solve took 0.24 ms
    Line search took 70.76 ms
    Update system took 17.09 ms
    Assemble system took 62.53 ms
    Global solve took 75670.33 ms
    Local solve took 0.20 ms
    Line search took 68.06 ms
Step and readback took 916804.62 ms
    Update system took 18.58 ms
    Assemble system took 61.65 ms
    Global solve took 75097.92 ms
    Local solve took 0.45 ms
    Line search took 116.74 ms
    Update system took 17.02 ms
    Assemble system took 70.30 ms
    Global solve took 75389.27 ms
    Local solve took 0.20 ms
    Line search took 125.36 ms
    Update system took 15.06 ms
    Assemble system took 62.37 ms
    Global solve took 75551.38 ms
    Local solve took 0.20 ms
    Line search took 79.89 ms
    Update system took 16.65 ms
    Assemble system took 63.76 ms
    Global solve took 75599.41 ms
    Local solve took 0.24 ms
    Line search took 69.91 ms
    Update system took 14.80 ms
    Assemble system took 61.76 ms
    Global solve took 75476.65 ms
    Local solve took 0.55 ms
    Line search took 77.16 ms
    Update system took 14.88 ms
    Assemble system took 60.91 ms
    Global solve took 72939.94 ms
    Local solve took 0.18 ms
    Line search took 67.39 ms
    Update system took 15.11 ms
    Assemble system took 58.60 ms
    Global solve took 73764.81 ms
    Local solve took 0.20 ms
    Line search took 67.01 ms
    Update system took 15.80 ms
    Assemble system took 61.96 ms
    Global solve took 70806.06 ms
    Local solve took 0.18 ms
    Line search took 63.00 ms
    Update system took 14.40 ms
    Assemble system took 56.83 ms
    Global solve took 69502.37 ms
    Local solve took 0.25 ms
    Line search took 62.34 ms
    Update system took 14.22 ms
    Assemble system took 55.70 ms
    Global solve took 70061.84 ms
    Local solve took 0.18 ms
    Line search took 66.85 ms
    Update system took 14.81 ms
    Assemble system took 60.97 ms
    Global solve took 70310.53 ms
    Local solve took 0.19 ms
    Line search took 66.01 ms
    Update system took 14.13 ms
    Assemble system took 55.18 ms
    Global solve took 70073.28 ms
    Local solve took 0.68 ms
    Line search took 89.84 ms
Step and readback took 876490.95 ms
    Update system took 14.92 ms
    Assemble system took 62.86 ms
    Global solve took 69666.09 ms
    Local solve took 0.22 ms
    Line search took 66.33 ms
    Update system took 14.43 ms
    Assemble system took 62.28 ms
    Global solve took 69853.13 ms
    Local solve took 0.18 ms
    Line search took 62.22 ms
    Update system took 14.01 ms
    Assemble system took 56.06 ms
    Global solve took 69695.52 ms
    Local solve took 0.24 ms
    Line search took 62.51 ms
    Update system took 13.99 ms
    Assemble system took 55.36 ms
    Global solve took 69112.25 ms
    Local solve took 0.19 ms
    Line search took 66.28 ms
    Update system took 14.50 ms
    Assemble system took 60.67 ms
    Global solve took 70554.67 ms
    Local solve took 0.29 ms
    Line search took 67.58 ms
    Update system took 15.99 ms
    Assemble system took 61.66 ms
    Global solve took 69532.98 ms
    Local solve took 0.51 ms
    Line search took 65.87 ms
    Update system took 15.14 ms
    Assemble system took 61.86 ms
    Global solve took 70535.14 ms
    Local solve took 0.18 ms
    Line search took 62.30 ms
    Update system took 13.99 ms
    Assemble system took 55.51 ms
    Global solve took 68699.37 ms
    Local solve took 0.19 ms
    Line search took 62.31 ms
    Update system took 14.01 ms
    Assemble system took 55.80 ms
    Global solve took 68057.70 ms
    Local solve took 0.29 ms
    Line search took 64.71 ms
    Update system took 14.24 ms
    Assemble system took 55.07 ms
    Global solve took 68130.28 ms
    Local solve took 0.20 ms
    Line search took 62.51 ms
    Update system took 14.22 ms
    Assemble system took 59.72 ms
    Global solve took 68706.33 ms
    Local solve took 0.44 ms
    Line search took 62.32 ms
    Update system took 13.96 ms
    Assemble system took 55.72 ms
    Global solve took 67542.12 ms
    Local solve took 0.40 ms
    Line search took 61.70 ms
Step and readback took 831773.87 ms
    Update system took 13.89 ms
    Assemble system took 54.45 ms
