Warp 1.15.0 initialized:
   CUDA Toolkit 12.9, Driver 13.2
   Devices:
     "cpu"      : "x86_64"
     "cuda:0"   : "NVIDIA GeForce RTX 4060 Laptop GPU" (8 GiB, sm_89, mempool enabled)
   Kernel cache:
     /home/gabriel/.cache/warp/1.15.0
[polyscope] Backend: openGL_mock
episode octopus: --mesh coarse -> models/octopus_initial_coarse.npz
--rest-shape: loaded models/octopus_rest_coarse.npz  (rest reference vs tracked start: median 2.14 mm / max 9.40 mm)
tool path retracted 3.4 mm along -tool-axis so the poker starts 0 mm clear of the start-frame mesh
tool trajectory: 155 frames, 5.13 s, start frame = 19 (t0 = 0.633 s, tool-free), origin span (mm) = [ 54.3 106.8 150. ], contact frames = 123, playback x1, verbatim
per-tet material 'field' (E_field) transferred from models/octopus_stiffness_field.npz: 3450 id tets -> 2025 coarse tets, nearest-centroid dist mean 6.5 mm / max 16.3 mm; E (Pa) min 1651 / med 2832 / max 3633, nu 0.4263 -> mu (Pa) 579..1274, lambda (Pa) 3345..7362
tracked surface: whole-body detrend = rigid (reference frame 19)
tracked surface overlay: 155 frames, 15002 verts, 30000 tris, alpha 0.3  (/home/gabriel/auras/warp-mfem/PlushOctopus_T1/mesh_trajectories_canonical.npy)
    Update system took 20.82 ms
    Assemble system took 96.36 ms
    Global solve took 3728.02 ms
    Local solve took 0.35 ms
    Line search took 102.15 ms
    Update system took 15.70 ms
    Assemble system took 64.39 ms
    Global solve took 3759.58 ms
    Local solve took 0.20 ms
    Line search took 69.99 ms
    Update system took 16.78 ms
    Assemble system took 68.23 ms
    Global solve took 2658.44 ms
    Local solve took 0.20 ms
    Line search took 70.21 ms
    Update system took 16.41 ms
    Assemble system took 69.80 ms
    Global solve took 2848.51 ms
    Local solve took 0.19 ms
    Line search took 67.83 ms
    Update system took 16.85 ms
    Assemble system took 63.49 ms
    Global solve took 2659.23 ms
    Local solve took 0.20 ms
    Line search took 69.96 ms
    Update system took 15.57 ms
    Assemble system took 64.46 ms
    Global solve took 3128.82 ms
    Local solve took 0.46 ms
    Line search took 71.38 ms
    Update system took 16.77 ms
    Assemble system took 66.38 ms
    Global solve took 3410.85 ms
    Local solve took 0.19 ms
    Line search took 69.44 ms
    Update system took 15.03 ms
    Assemble system took 63.16 ms
    Global solve took 3702.99 ms
    Local solve took 0.21 ms
    Line search took 91.53 ms
    Update system took 14.87 ms
    Assemble system took 62.30 ms
    Global solve took 3528.90 ms
    Local solve took 0.23 ms
    Line search took 80.41 ms
    Update system took 15.39 ms
    Assemble system took 64.70 ms
    Global solve took 3571.06 ms
    Local solve took 0.45 ms
    Line search took 70.85 ms
    Update system took 14.77 ms
    Assemble system took 61.80 ms
    Global solve took 3663.78 ms
    Local solve took 0.23 ms
    Line search took 69.11 ms
    Update system took 15.11 ms
    Assemble system took 62.50 ms
    Global solve took 3903.67 ms
    Local solve took 0.20 ms
    Line search took 69.82 ms
Step and readback took 42521.59 ms
    Update system took 16.50 ms
    Assemble system took 61.59 ms
    Global solve took 3268.38 ms
    Local solve took 0.37 ms
    Line search took 118.56 ms
    Update system took 15.20 ms
    Assemble system took 61.58 ms
    Global solve took 3248.34 ms
    Local solve took 0.20 ms
    Line search took 127.62 ms
    Update system took 17.00 ms
    Assemble system took 61.54 ms
    Global solve took 3227.46 ms
    Local solve took 0.19 ms
    Line search took 80.90 ms
    Update system took 15.36 ms
    Assemble system took 64.92 ms
    Global solve took 3082.33 ms
    Local solve took 0.19 ms
    Line search took 69.61 ms
    Update system took 15.67 ms
    Assemble system took 65.53 ms
    Global solve took 3066.16 ms
    Local solve took 0.23 ms
    Line search took 66.75 ms
    Update system took 16.84 ms
    Assemble system took 62.38 ms
    Global solve took 3242.43 ms
    Local solve took 0.50 ms
    Line search took 71.13 ms
    Update system took 15.44 ms
    Assemble system took 63.88 ms
    Global solve took 3054.30 ms
    Local solve took 0.46 ms
    Line search took 69.59 ms
    Update system took 15.96 ms
    Assemble system took 63.08 ms
    Global solve took 3055.20 ms
    Local solve took 0.20 ms
    Line search took 68.79 ms
    Update system took 15.13 ms
    Assemble system took 62.86 ms
    Global solve took 3093.56 ms
    Local solve took 0.20 ms
    Line search took 69.68 ms
    Update system took 15.27 ms
    Assemble system took 64.38 ms
    Global solve took 3112.80 ms
    Local solve took 0.19 ms
    Line search took 70.61 ms
    Update system took 15.31 ms
    Assemble system took 63.37 ms
    Global solve took 3326.86 ms
    Local solve took 0.51 ms
    Line search took 71.65 ms
    Update system took 15.21 ms
    Assemble system took 64.29 ms
    Global solve took 3185.82 ms
    Local solve took 0.23 ms
    Line search took 93.44 ms
Step and readback took 39943.77 ms
    Update system took 15.17 ms
    Assemble system took 64.01 ms
    Global solve took 1766.75 ms
    Local solve took 0.22 ms
    Line search took 71.45 ms
    Update system took 16.36 ms
    Assemble system took 63.41 ms
    Global solve took 1726.58 ms
    Local solve took 0.20 ms
    Line search took 68.84 ms
    Update system took 16.31 ms
    Assemble system took 67.23 ms
    Global solve took 1861.34 ms
    Local solve took 0.20 ms
    Line search took 71.86 ms
    Update system took 17.08 ms
    Assemble system took 60.30 ms
    Global solve took 2195.02 ms
    Local solve took 0.21 ms
    Line search took 67.05 ms
    Update system took 14.87 ms
    Assemble system took 62.12 ms
    Global solve took 2487.45 ms
    Local solve took 0.23 ms
    Line search took 68.92 ms
    Update system took 15.22 ms
    Assemble system took 66.31 ms
    Global solve took 2655.60 ms
    Local solve took 0.20 ms
    Line search took 68.28 ms
    Update system took 15.79 ms
    Assemble system took 67.45 ms
    Global solve took 2802.44 ms
    Local solve took 0.19 ms
    Line search took 71.79 ms
    Update system took 16.42 ms
    Assemble system took 62.65 ms
    Global solve took 3086.10 ms
    Local solve took 1.01 ms
    Line search took 68.85 ms
    Update system took 15.40 ms
    Assemble system took 63.88 ms
    Global solve took 3103.36 ms
    Local solve took 0.22 ms
    Line search took 68.83 ms
    Update system took 15.28 ms
    Assemble system took 64.09 ms
    Global solve took 3165.26 ms
    Local solve took 0.21 ms
    Line search took 70.67 ms
    Update system took 15.40 ms
    Assemble system took 62.94 ms
    Global solve took 3301.36 ms
    Local solve took 0.19 ms
    Line search took 75.23 ms
    Update system took 15.25 ms
    Assemble system took 61.63 ms
    Global solve took 3152.75 ms
    Local solve took 0.23 ms
    Line search took 71.43 ms
Step and readback took 33153.39 ms
    Update system took 16.37 ms
    Assemble system took 64.29 ms
    Global solve took 1270.07 ms
    Local solve took 0.22 ms
    Line search took 70.74 ms
    Update system took 15.37 ms
    Assemble system took 62.93 ms
    Global solve took 1576.88 ms
    Local solve took 0.21 ms
    Line search took 72.04 ms
    Update system took 16.33 ms
    Assemble system took 66.22 ms
    Global solve took 1764.03 ms
    Local solve took 0.52 ms
    Line search took 70.20 ms
    Update system took 15.31 ms
    Assemble system took 61.56 ms
    Global solve took 1964.83 ms
    Local solve took 0.19 ms
    Line search took 82.63 ms
    Update system took 22.38 ms
    Assemble system took 65.69 ms
    Global solve took 2280.56 ms
    Local solve took 0.22 ms
    Line search took 68.94 ms
    Update system took 15.05 ms
    Assemble system took 64.45 ms
    Global solve took 2511.26 ms
    Local solve took 0.20 ms
    Line search took 91.94 ms
    Update system took 15.18 ms
    Assemble system took 61.81 ms
    Global solve took 2490.15 ms
    Local solve took 0.19 ms
    Line search took 83.12 ms
    Update system took 15.10 ms
    Assemble system took 63.75 ms
    Global solve took 2682.59 ms
    Local solve took 0.23 ms
    Line search took 70.13 ms
    Update system took 15.54 ms
    Assemble system took 67.67 ms
    Global solve took 2510.08 ms
    Local solve took 0.23 ms
    Line search took 69.61 ms
    Update system took 14.93 ms
    Assemble system took 63.42 ms
    Global solve took 2704.42 ms
    Local solve took 0.28 ms
    Line search took 70.23 ms
    Update system took 16.73 ms
    Assemble system took 61.28 ms
    Global solve took 2988.46 ms
    Local solve took 0.20 ms
    Line search took 67.63 ms
    Update system took 15.34 ms
    Assemble system took 63.22 ms
    Global solve took 3098.62 ms
    Local solve took 0.20 ms
    Line search took 72.07 ms
Step and readback took 29749.17 ms
    Update system took 16.57 ms
    Assemble system took 66.23 ms
    Global solve took 1246.45 ms
    Local solve took 0.27 ms
    Line search took 69.08 ms
    Update system took 16.80 ms
    Assemble system took 63.41 ms
    Global solve took 1559.39 ms
    Local solve took 0.22 ms
    Line search took 69.26 ms
    Update system took 15.86 ms
    Assemble system took 68.51 ms
    Global solve took 1869.99 ms
    Local solve took 0.20 ms
    Line search took 69.60 ms
    Update system took 15.60 ms
    Assemble system took 66.31 ms
    Global solve took 1864.32 ms
    Local solve took 0.20 ms
    Line search took 68.18 ms
    Update system took 16.14 ms
    Assemble system took 63.69 ms
    Global solve took 2019.02 ms
    Local solve took 0.20 ms
    Line search took 66.80 ms
    Update system took 16.91 ms
    Assemble system took 63.17 ms
    Global solve took 2474.84 ms
    Local solve took 0.21 ms
    Line search took 92.02 ms
    Update system took 15.63 ms
    Assemble system took 65.74 ms
    Global solve took 2499.92 ms
    Local solve took 0.19 ms
    Line search took 94.62 ms
    Update system took 16.46 ms
    Assemble system took 63.37 ms
    Global solve took 2482.31 ms
    Local solve took 0.21 ms
    Line search took 80.70 ms
    Update system took 14.96 ms
    Assemble system took 65.08 ms
    Global solve took 2547.86 ms
    Local solve took 0.26 ms
    Line search took 73.00 ms
    Update system took 17.80 ms
    Assemble system took 61.75 ms
    Global solve took 2644.56 ms
    Local solve took 0.20 ms
    Line search took 70.49 ms
    Update system took 16.77 ms
    Assemble system took 70.02 ms
    Global solve took 2660.73 ms
    Local solve took 0.54 ms
    Line search took 70.53 ms
    Update system took 16.01 ms
    Assemble system took 63.60 ms
    Global solve took 2995.46 ms
    Local solve took 0.19 ms
    Line search took 77.42 ms
Step and readback took 28800.61 ms
    Update system took 15.82 ms
    Assemble system took 64.81 ms
    Global solve took 1112.71 ms
    Local solve took 0.21 ms
    Line search took 70.25 ms
    Update system took 15.48 ms
    Assemble system took 62.90 ms
    Global solve took 1585.73 ms
    Local solve took 0.21 ms
    Line search took 71.95 ms
    Update system took 15.40 ms
    Assemble system took 63.02 ms
    Global solve took 1896.95 ms
    Local solve took 0.20 ms
    Line search took 72.54 ms
    Update system took 18.10 ms
    Assemble system took 69.34 ms
    Global solve took 1912.20 ms
    Local solve took 0.21 ms
    Line search took 71.35 ms
    Update system took 17.25 ms
    Assemble system took 66.08 ms
    Global solve took 2475.39 ms
    Local solve took 0.20 ms
    Line search took 71.46 ms
    Update system took 15.84 ms
    Assemble system took 63.84 ms
    Global solve took 2328.68 ms
    Local solve took 0.33 ms
    Line search took 109.19 ms
    Update system took 15.58 ms
    Assemble system took 62.32 ms
    Global solve took 2442.02 ms
    Local solve took 0.20 ms
    Line search took 96.00 ms
    Update system took 15.57 ms
    Assemble system took 65.38 ms
    Global solve took 2347.04 ms
    Local solve took 0.22 ms
    Line search took 98.54 ms
    Update system took 16.57 ms
    Assemble system took 68.58 ms
    Global solve took 2479.77 ms
    Local solve took 0.21 ms
    Line search took 83.04 ms
    Update system took 15.46 ms
    Assemble system took 66.21 ms
    Global solve took 2530.29 ms
    Local solve took 0.21 ms
    Line search took 70.87 ms
    Update system took 16.24 ms
    Assemble system took 66.60 ms
    Global solve took 2492.22 ms
    Local solve took 0.21 ms
    Line search took 70.13 ms
    Update system took 15.29 ms
    Assemble system took 66.49 ms
    Global solve took 2463.25 ms
    Local solve took 0.20 ms
    Line search took 68.95 ms
Step and readback took 28055.92 ms
    Update system took 15.51 ms
    Assemble system took 63.44 ms
    Global solve took 1396.28 ms
    Local solve took 0.39 ms
    Line search took 68.09 ms
    Update system took 17.07 ms
    Assemble system took 62.09 ms
    Global solve took 1556.71 ms
    Local solve took 0.20 ms
    Line search took 69.64 ms
    Update system took 15.30 ms
    Assemble system took 63.94 ms
    Global solve took 1711.24 ms
    Local solve took 0.19 ms
    Line search took 70.14 ms
    Update system took 15.56 ms
    Assemble system took 63.94 ms
    Global solve took 2156.84 ms
    Local solve took 0.19 ms
    Line search took 92.67 ms
    Update system took 14.71 ms
    Assemble system took 63.58 ms
    Global solve took 2149.62 ms
    Local solve took 0.19 ms
    Line search took 92.71 ms
    Update system took 15.20 ms
    Assemble system took 64.34 ms
    Global solve took 2503.82 ms
    Local solve took 0.22 ms
    Line search took 84.76 ms
    Update system took 15.36 ms
    Assemble system took 63.43 ms
    Global solve took 2345.31 ms
    Local solve took 0.18 ms
    Line search took 68.31 ms
    Update system took 15.08 ms
    Assemble system took 63.78 ms
    Global solve took 2450.05 ms
    Local solve took 0.20 ms
    Line search took 69.51 ms
    Update system took 15.05 ms
    Assemble system took 62.76 ms
    Global solve took 2479.16 ms
    Local solve took 0.32 ms
    Line search took 83.59 ms
    Update system took 15.98 ms
    Assemble system took 62.48 ms
    Global solve took 2450.73 ms
    Local solve took 0.18 ms
    Line search took 69.65 ms
    Update system took 14.94 ms
    Assemble system took 64.11 ms
    Global solve took 2622.98 ms
    Local solve took 0.21 ms
    Line search took 70.38 ms
    Update system took 15.42 ms
    Assemble system took 65.48 ms
    Global solve took 2621.08 ms
    Local solve took 0.20 ms
    Line search took 69.81 ms
Step and readback took 28353.05 ms
    Update system took 16.42 ms
    Assemble system took 66.31 ms
    Global solve took 2183.00 ms
    Local solve took 0.22 ms
    Line search took 69.71 ms
    Update system took 17.04 ms
    Assemble system took 62.85 ms
    Global solve took 2534.48 ms
    Local solve took 0.28 ms
    Line search took 84.09 ms
    Update system took 16.45 ms
    Assemble system took 68.70 ms
    Global solve took 2954.62 ms
    Local solve took 0.42 ms
    Line search took 69.62 ms
    Update system took 16.41 ms
    Assemble system took 67.95 ms
    Global solve took 2672.21 ms
    Local solve took 0.19 ms
    Line search took 70.97 ms
    Update system took 16.63 ms
    Assemble system took 69.83 ms
    Global solve took 2479.09 ms
    Local solve took 0.41 ms
    Line search took 70.03 ms
    Update system took 17.48 ms
    Assemble system took 66.61 ms
    Global solve took 2367.20 ms
    Local solve took 0.19 ms
    Line search took 71.03 ms
    Update system took 15.29 ms
    Assemble system took 64.37 ms
    Global solve took 2493.93 ms
    Local solve took 0.20 ms
    Line search took 77.84 ms
    Update system took 14.93 ms
    Assemble system took 64.09 ms
    Global solve took 2470.96 ms
    Local solve took 0.20 ms
    Line search took 89.98 ms
    Update system took 16.73 ms
    Assemble system took 62.76 ms
    Global solve took 2479.70 ms
    Local solve took 0.20 ms
    Line search took 81.58 ms
    Update system took 15.40 ms
    Assemble system took 65.92 ms
    Global solve took 2468.07 ms
    Local solve took 0.44 ms
    Line search took 68.45 ms
    Update system took 16.56 ms
    Assemble system took 62.59 ms
    Global solve took 2628.34 ms
    Local solve took 0.20 ms
    Line search took 68.67 ms
    Update system took 15.30 ms
    Assemble system took 63.89 ms
    Global solve took 2936.60 ms
    Local solve took 0.20 ms
    Line search took 69.14 ms
Step and readback took 32605.54 ms
    Update system took 16.64 ms
    Assemble system took 63.81 ms
    Global solve took 3104.49 ms
    Local solve took 0.49 ms
    Line search took 70.20 ms
    Update system took 16.71 ms
    Assemble system took 61.64 ms
    Global solve took 4541.03 ms
    Local solve took 0.20 ms
    Line search took 70.43 ms
    Update system took 15.87 ms
    Assemble system took 63.44 ms
    Global solve took 4773.63 ms
    Local solve took 0.21 ms
    Line search took 70.69 ms
    Update system took 16.01 ms
    Assemble system took 65.70 ms
    Global solve took 3639.77 ms
    Local solve took 0.20 ms
    Line search took 68.81 ms
    Update system took 17.15 ms
    Assemble system took 67.10 ms
    Global solve took 3141.70 ms
    Local solve took 0.21 ms
    Line search took 68.84 ms
    Update system took 14.94 ms
    Assemble system took 63.01 ms
    Global solve took 2681.25 ms
    Local solve took 0.23 ms
    Line search took 66.59 ms
    Update system took 14.66 ms
    Assemble system took 62.50 ms
    Global solve took 2636.81 ms
    Local solve took 0.42 ms
    Line search took 81.78 ms
    Update system took 16.17 ms
    Assemble system took 67.06 ms
    Global solve took 2638.59 ms
    Local solve took 0.28 ms
    Line search took 70.42 ms
    Update system took 16.66 ms
    Assemble system took 67.32 ms
    Global solve took 2651.18 ms
    Local solve took 0.23 ms
    Line search took 70.67 ms
    Update system took 15.70 ms
    Assemble system took 66.59 ms
    Global solve took 2640.38 ms
    Local solve took 0.45 ms
    Line search took 68.61 ms
    Update system took 15.36 ms
    Assemble system took 66.93 ms
    Global solve took 3013.58 ms
    Local solve took 0.21 ms
    Line search took 86.49 ms
    Update system took 15.96 ms
    Assemble system took 64.85 ms
    Global solve took 2887.76 ms
    Local solve took 0.19 ms
    Line search took 69.87 ms
Step and readback took 40234.46 ms
    Update system took 15.34 ms
    Assemble system took 67.93 ms
    Global solve took 1610.38 ms
    Local solve took 0.40 ms
    Line search took 71.35 ms
    Update system took 15.75 ms
    Assemble system took 63.44 ms
    Global solve took 1922.05 ms
    Local solve took 0.37 ms
    Line search took 84.31 ms
    Update system took 17.47 ms
    Assemble system took 63.35 ms
    Global solve took 2834.07 ms
    Local solve took 0.22 ms
    Line search took 85.00 ms
    Update system took 15.76 ms
    Assemble system took 63.51 ms
    Global solve took 2699.05 ms
    Local solve took 0.21 ms
    Line search took 71.67 ms
    Update system took 15.57 ms
    Assemble system took 65.11 ms
    Global solve took 2524.55 ms
    Local solve took 0.21 ms
    Line search took 91.63 ms
    Update system took 15.04 ms
    Assemble system took 64.41 ms
    Global solve took 2619.20 ms
    Local solve took 1.45 ms
    Line search took 68.92 ms
    Update system took 14.95 ms
    Assemble system took 65.17 ms
    Global solve took 2476.95 ms
    Local solve took 0.19 ms
    Line search took 67.67 ms
    Update system took 14.91 ms
    Assemble system took 64.01 ms
    Global solve took 2306.20 ms
    Local solve took 0.45 ms
    Line search took 80.38 ms
    Update system took 15.74 ms
    Assemble system took 65.68 ms
    Global solve took 2371.85 ms
    Local solve took 0.20 ms
    Line search took 85.22 ms
    Update system took 15.05 ms
    Assemble system took 63.71 ms
    Global solve took 2515.90 ms
    Local solve took 0.42 ms
    Line search took 71.90 ms
    Update system took 15.38 ms
    Assemble system took 65.35 ms
    Global solve took 2693.64 ms
    Local solve took 0.21 ms
    Line search took 69.84 ms
    Update system took 16.71 ms
    Assemble system took 63.10 ms
    Global solve took 2511.53 ms
    Local solve took 0.19 ms
    Line search took 80.30 ms
Step and readback took 31036.10 ms
--record: wrote 10 frames to timing_runs_device/cpu_check10.npz (positions 10x600x3, tets constant)
